This is pdfTeX, Version 3.141592653-2.6-1.40.25 (TeX Live 2023/Debian) (preloaded format=pdflatex 2026.4.14)  28 SEP 2026 02:25
entering extended mode
 restricted \write18 enabled.
 %&-line parsing enabled.
**main.tex
(./main.tex
LaTeX2e <2023-11-01> patch level 1
L3 programming layer <2024-01-22>
(/usr/share/texlive/texmf-dist/tex/latex/base/book.cls
Document Class: book 2023/05/17 v1.4n Standard LaTeX document class
(/usr/share/texlive/texmf-dist/tex/latex/base/bk12.clo
File: bk12.clo 2023/05/17 v1.4n Standard LaTeX file (size option)
)
\c@part=\count187
\c@chapter=\count188
\c@section=\count189
\c@subsection=\count190
\c@subsubsection=\count191
\c@paragraph=\count192
\c@subparagraph=\count193
\c@figure=\count194
\c@table=\count195
\abovecaptionskip=\skip48
\belowcaptionskip=\skip49
\bibindent=\dimen140
)
(/usr/share/texlive/texmf-dist/tex/latex/base/fontenc.sty
Package: fontenc 2021/04/29 v2.0v Standard LaTeX package
)
(/usr/share/texlive/texmf-dist/tex/latex/base/inputenc.sty
Package: inputenc 2021/02/14 v1.3d Input encoding file
\inpenc@prehook=\toks17
\inpenc@posthook=\toks18
)
(/usr/share/texlive/texmf-dist/tex/generic/babel/babel.sty
Package: babel 2024/01/07 v24.1 The Babel package
\babel@savecnt=\count196
\U@D=\dimen141
\l@unhyphenated=\language5

(/usr/share/texlive/texmf-dist/tex/generic/babel/txtbabel.def)
\bbl@readstream=\read2
\bbl@dirlevel=\count197

(/usr/share/texlive/texmf-dist/tex/generic/babel-english/english.ldf
Language: english 2017/06/06 v3.3r English support from the babel system
Package babel Info: Hyphen rules for 'british' set to \l@english
(babel)             (\language0). Reported on input line 82.
Package babel Info: Hyphen rules for 'UKenglish' set to \l@english
(babel)             (\language0). Reported on input line 83.
Package babel Info: Hyphen rules for 'canadian' set to \l@english
(babel)             (\language0). Reported on input line 102.
Package babel Info: Hyphen rules for 'australian' set to \l@english
(babel)             (\language0). Reported on input line 105.
Package babel Info: Hyphen rules for 'newzealand' set to \l@english
(babel)             (\language0). Reported on input line 108.
))
(/usr/share/texlive/texmf-dist/tex/generic/babel/locale/en/babel-english.tex
Package babel Info: Importing font and identification data for english
(babel)             from babel-en.ini. Reported on input line 11.
)
(/usr/share/texlive/texmf-dist/tex/latex/geometry/geometry.sty
Package: geometry 2020/01/02 v5.9 Page Geometry

(/usr/share/texlive/texmf-dist/tex/latex/graphics/keyval.sty
Package: keyval 2022/05/29 v1.15 key=value parser (DPC)
\KV@toks@=\toks19
)
(/usr/share/texlive/texmf-dist/tex/generic/iftex/ifvtex.sty
Package: ifvtex 2019/10/25 v1.7 ifvtex legacy package. Use iftex instead.

(/usr/share/texlive/texmf-dist/tex/generic/iftex/iftex.sty
Package: iftex 2022/02/03 v1.0f TeX engine tests
))
\Gm@cnth=\count198
\Gm@cntv=\count199
\c@Gm@tempcnt=\count266
\Gm@bindingoffset=\dimen142
\Gm@wd@mp=\dimen143
\Gm@odd@mp=\dimen144
\Gm@even@mp=\dimen145
\Gm@layoutwidth=\dimen146
\Gm@layoutheight=\dimen147
\Gm@layouthoffset=\dimen148
\Gm@layoutvoffset=\dimen149
\Gm@dimlist=\toks20
)
(/usr/share/texlive/texmf-dist/tex/latex/setspace/setspace.sty
Package: setspace 2022/12/04 v6.7b set line spacing
)
(/usr/share/texlive/texmf-dist/tex/latex/enumitem/enumitem.sty
Package: enumitem 2019/06/20 v3.9 Customized lists
\labelindent=\skip50
\enit@outerparindent=\dimen150
\enit@toks=\toks21
\enit@inbox=\box51
\enit@count@id=\count267
\enitdp@description=\count268
)
(/usr/share/texlive/texmf-dist/tex/latex/tools/array.sty
Package: array 2023/10/16 v2.5g Tabular extension package (FMi)
\col@sep=\dimen151
\ar@mcellbox=\box52
\extrarowheight=\dimen152
\NC@list=\toks22
\extratabsurround=\skip51
\backup@length=\skip52
\ar@cellbox=\box53
)
(/usr/share/texlive/texmf-dist/tex/latex/amsmath/amsmath.sty
Package: amsmath 2023/05/13 v2.17o AMS math features
\@mathmargin=\skip53

For additional information on amsmath, use the `?' option.
(/usr/share/texlive/texmf-dist/tex/latex/amsmath/amstext.sty
Package: amstext 2021/08/26 v2.01 AMS text

(/usr/share/texlive/texmf-dist/tex/latex/amsmath/amsgen.sty
File: amsgen.sty 1999/11/30 v2.0 generic functions
\@emptytoks=\toks23
\ex@=\dimen153
))
(/usr/share/texlive/texmf-dist/tex/latex/amsmath/amsbsy.sty
Package: amsbsy 1999/11/29 v1.2d Bold Symbols
\pmbraise@=\dimen154
)
(/usr/share/texlive/texmf-dist/tex/latex/amsmath/amsopn.sty
Package: amsopn 2022/04/08 v2.04 operator names
)
\inf@bad=\count269
LaTeX Info: Redefining \frac on input line 234.
\uproot@=\count270
\leftroot@=\count271
LaTeX Info: Redefining \overline on input line 399.
LaTeX Info: Redefining \colon on input line 410.
\classnum@=\count272
\DOTSCASE@=\count273
LaTeX Info: Redefining \ldots on input line 496.
LaTeX Info: Redefining \dots on input line 499.
LaTeX Info: Redefining \cdots on input line 620.
\Mathstrutbox@=\box54
\strutbox@=\box55
LaTeX Info: Redefining \big on input line 722.
LaTeX Info: Redefining \Big on input line 723.
LaTeX Info: Redefining \bigg on input line 724.
LaTeX Info: Redefining \Bigg on input line 725.
\big@size=\dimen155
LaTeX Font Info:    Redeclaring font encoding OML on input line 743.
LaTeX Font Info:    Redeclaring font encoding OMS on input line 744.
\macc@depth=\count274
LaTeX Info: Redefining \bmod on input line 905.
LaTeX Info: Redefining \pmod on input line 910.
LaTeX Info: Redefining \smash on input line 940.
LaTeX Info: Redefining \relbar on input line 970.
LaTeX Info: Redefining \Relbar on input line 971.
\c@MaxMatrixCols=\count275
\dotsspace@=\muskip16
\c@parentequation=\count276
\dspbrk@lvl=\count277
\tag@help=\toks24
\row@=\count278
\column@=\count279
\maxfields@=\count280
\andhelp@=\toks25
\eqnshift@=\dimen156
\alignsep@=\dimen157
\tagshift@=\dimen158
\tagwidth@=\dimen159
\totwidth@=\dimen160
\lineht@=\dimen161
\@envbody=\toks26
\multlinegap=\skip54
\multlinetaggap=\skip55
\mathdisplay@stack=\toks27
LaTeX Info: Redefining \[ on input line 2953.
LaTeX Info: Redefining \] on input line 2954.
)
(/usr/share/texlive/texmf-dist/tex/latex/amsfonts/amssymb.sty
Package: amssymb 2013/01/14 v3.01 AMS font symbols

(/usr/share/texlive/texmf-dist/tex/latex/amsfonts/amsfonts.sty
Package: amsfonts 2013/01/14 v3.01 Basic AMSFonts support
\symAMSa=\mathgroup4
\symAMSb=\mathgroup5
LaTeX Font Info:    Redeclaring math symbol \hbar on input line 98.
LaTeX Font Info:    Overwriting math alphabet `\mathfrak' in version `bold'
(Font)                  U/euf/m/n --> U/euf/b/n on input line 106.
))
(/usr/share/texlive/texmf-dist/tex/latex/amscls/amsthm.sty
Package: amsthm 2020/05/29 v2.20.6
\thm@style=\toks28
\thm@bodyfont=\toks29
\thm@headfont=\toks30
\thm@notefont=\toks31
\thm@headpunct=\toks32
\thm@preskip=\skip56
\thm@postskip=\skip57
\thm@headsep=\skip58
\dth@everypar=\toks33
)
(/usr/share/texlive/texmf-dist/tex/latex/mathtools/mathtools.sty
Package: mathtools 2022/06/29 v1.29 mathematical typesetting tools

(/usr/share/texlive/texmf-dist/tex/latex/tools/calc.sty
Package: calc 2023/07/08 v4.3 Infix arithmetic (KKT,FJ)
\calc@Acount=\count281
\calc@Bcount=\count282
\calc@Adimen=\dimen162
\calc@Bdimen=\dimen163
\calc@Askip=\skip59
\calc@Bskip=\skip60
LaTeX Info: Redefining \setlength on input line 80.
LaTeX Info: Redefining \addtolength on input line 81.
\calc@Ccount=\count283
\calc@Cskip=\skip61
)
(/usr/share/texlive/texmf-dist/tex/latex/mathtools/mhsetup.sty
Package: mhsetup 2021/03/18 v1.4 programming setup (MH)
)
\g_MT_multlinerow_int=\count284
\l_MT_multwidth_dim=\dimen164
\origjot=\skip62
\l_MT_shortvdotswithinadjustabove_dim=\dimen165
\l_MT_shortvdotswithinadjustbelow_dim=\dimen166
\l_MT_above_intertext_sep=\dimen167
\l_MT_below_intertext_sep=\dimen168
\l_MT_above_shortintertext_sep=\dimen169
\l_MT_below_shortintertext_sep=\dimen170
\xmathstrut@box=\box56
\xmathstrut@dim=\dimen171
)
(/usr/share/texlive/texmf-dist/tex/latex/cancel/cancel.sty
Package: cancel 2013/04/12 v2.2 Cancel math terms
)
(/usr/share/texlive/texmf-dist/tex/latex/graphics/graphicx.sty
Package: graphicx 2021/09/16 v1.2d Enhanced LaTeX Graphics (DPC,SPQR)

(/usr/share/texlive/texmf-dist/tex/latex/graphics/graphics.sty
Package: graphics 2022/03/10 v1.4e Standard LaTeX Graphics (DPC,SPQR)

(/usr/share/texlive/texmf-dist/tex/latex/graphics/trig.sty
Package: trig 2021/08/11 v1.11 sin cos tan (DPC)
)
(/usr/share/texlive/texmf-dist/tex/latex/graphics-cfg/graphics.cfg
File: graphics.cfg 2016/06/04 v1.11 sample graphics configuration
)
Package graphics Info: Driver file: pdftex.def on input line 107.

(/usr/share/texlive/texmf-dist/tex/latex/graphics-def/pdftex.def
File: pdftex.def 2022/09/22 v1.2b Graphics/color driver for pdftex
))
\Gin@req@height=\dimen172
\Gin@req@width=\dimen173
)
(/usr/share/texlive/texmf-dist/tex/latex/float/float.sty
Package: float 2001/11/08 v1.3d Float enhancements (AL)
\c@float@type=\count285
\float@exts=\toks34
\float@box=\box57
\@float@everytoks=\toks35
\@floatcapt=\box58
)
(/usr/share/texlive/texmf-dist/tex/latex/placeins/placeins.sty
Package: placeins 2005/04/18  v 2.2
)
(/usr/share/texlive/texmf-dist/tex/latex/caption/caption.sty
Package: caption 2023/08/05 v3.6o Customizing captions (AR)

(/usr/share/texlive/texmf-dist/tex/latex/caption/caption3.sty
Package: caption3 2023/07/31 v2.4d caption3 kernel (AR)
\caption@tempdima=\dimen174
\captionmargin=\dimen175
\caption@leftmargin=\dimen176
\caption@rightmargin=\dimen177
\caption@width=\dimen178
\caption@indent=\dimen179
\caption@parindent=\dimen180
\caption@hangindent=\dimen181
Package caption Info: Standard document class detected.
)
\c@caption@flags=\count286
\c@continuedfloat=\count287
Package caption Info: float package is loaded.
)
(/usr/share/texlive/texmf-dist/tex/latex/caption/subcaption.sty
Package: subcaption 2023/07/28 v1.6b Sub-captions (AR)
Package caption Info: New subtype `subfigure' on input line 238.
\c@subfigure=\count288
Package caption Info: New subtype `subtable' on input line 238.
\c@subtable=\count289
)
(/usr/share/texlive/texmf-dist/tex/latex/booktabs/booktabs.sty
Package: booktabs 2020/01/12 v1.61803398 Publication quality tables
\heavyrulewidth=\dimen182
\lightrulewidth=\dimen183
\cmidrulewidth=\dimen184
\belowrulesep=\dimen185
\belowbottomsep=\dimen186
\aboverulesep=\dimen187
\abovetopsep=\dimen188
\cmidrulesep=\dimen189
\cmidrulekern=\dimen190
\defaultaddspace=\dimen191
\@cmidla=\count290
\@cmidlb=\count291
\@aboverulesep=\dimen192
\@belowrulesep=\dimen193
\@thisruleclass=\count292
\@lastruleclass=\count293
\@thisrulewidth=\dimen194
)
(/usr/share/texlive/texmf-dist/tex/latex/diagbox/diagbox.sty
Package: diagbox 2020/02/09 v2.3 Making table heads with diagonal lines

(/usr/share/texlive/texmf-dist/tex/latex/pict2e/pict2e.sty
Package: pict2e 2020/09/30 v0.4b Improved picture commands (HjG,RN,JT)

(/usr/share/texlive/texmf-dist/tex/latex/pict2e/pict2e.cfg
File: pict2e.cfg 2016/02/05 v0.1u pict2e configuration for teTeX/TeXLive
)
Package pict2e Info: Driver file: pdftex.def on input line 112.
Package pict2e Info: Driver file for pict2e: p2e-pdftex.def on input line 114.

(/usr/share/texlive/texmf-dist/tex/latex/pict2e/p2e-pdftex.def
File: p2e-pdftex.def 2016/02/05 v0.1u Driver-dependant file (RN,HjG,JT)
)
\pIIe@GRAPH=\toks36
\@arclen=\dimen195
\@arcrad=\dimen196
\pIIe@tempdima=\dimen197
\pIIe@tempdimb=\dimen198
\pIIe@tempdimc=\dimen199
\pIIe@tempdimd=\dimen256
\pIIe@tempdime=\dimen257
\pIIe@tempdimf=\dimen258
)
\diagbox@boxa=\box59
\diagbox@boxb=\box60
\diagbox@boxm=\box61
\diagbox@wd=\dimen259
\diagbox@ht=\dimen260
\diagbox@insepl=\dimen261
\diagbox@insepr=\dimen262
\diagbox@outsepl=\dimen263
\diagbox@outsepr=\dimen264
)
(/usr/share/texlive/texmf-dist/tex/latex/xcolor/xcolor.sty
Package: xcolor 2023/11/15 v3.01 LaTeX color extensions (UK)

(/usr/share/texlive/texmf-dist/tex/latex/graphics-cfg/color.cfg
File: color.cfg 2016/01/02 v1.6 sample color configuration
)
Package xcolor Info: Driver file: pdftex.def on input line 274.

(/usr/share/texlive/texmf-dist/tex/latex/graphics/mathcolor.ltx)
Package xcolor Info: Model `cmy' substituted by `cmy0' on input line 1350.
Package xcolor Info: Model `hsb' substituted by `rgb' on input line 1354.
Package xcolor Info: Model `RGB' extended on input line 1366.
Package xcolor Info: Model `HTML' substituted by `rgb' on input line 1368.
Package xcolor Info: Model `Hsb' substituted by `hsb' on input line 1369.
Package xcolor Info: Model `tHsb' substituted by `hsb' on input line 1370.
Package xcolor Info: Model `HSB' substituted by `hsb' on input line 1371.
Package xcolor Info: Model `Gray' substituted by `gray' on input line 1372.
Package xcolor Info: Model `wave' substituted by `hsb' on input line 1373.
)
(/usr/share/texlive/texmf-dist/tex/latex/colortbl/colortbl.sty
Package: colortbl 2022/06/20 v1.0f Color table columns (DPC)
\everycr=\toks37
\minrowclearance=\skip63
\rownum=\count294
)
(/usr/share/texlive/texmf-dist/tex/latex/fancyhdr/fancyhdr.sty
Package: fancyhdr 2022/11/09 v4.1 Extensive control of page headers and footers

\f@nch@headwidth=\skip64
\f@nch@O@elh=\skip65
\f@nch@O@erh=\skip66
\f@nch@O@olh=\skip67
\f@nch@O@orh=\skip68
\f@nch@O@elf=\skip69
\f@nch@O@erf=\skip70
\f@nch@O@olf=\skip71
\f@nch@O@orf=\skip72
)
(/usr/share/texlive/texmf-dist/tex/latex/hyperref/hyperref.sty
Package: hyperref 2024-01-20 v7.01h Hypertext links for LaTeX

(/usr/share/texlive/texmf-dist/tex/latex/kvsetkeys/kvsetkeys.sty
Package: kvsetkeys 2022-10-05 v1.19 Key value parser (HO)
)
(/usr/share/texlive/texmf-dist/tex/generic/kvdefinekeys/kvdefinekeys.sty
Package: kvdefinekeys 2019-12-19 v1.6 Define keys (HO)
)
(/usr/share/texlive/texmf-dist/tex/generic/pdfescape/pdfescape.sty
Package: pdfescape 2019/12/09 v1.15 Implements pdfTeX's escape features (HO)

(/usr/share/texlive/texmf-dist/tex/generic/ltxcmds/ltxcmds.sty
Package: ltxcmds 2023-12-04 v1.26 LaTeX kernel commands for general use (HO)
)
(/usr/share/texlive/texmf-dist/tex/generic/pdftexcmds/pdftexcmds.sty
Package: pdftexcmds 2020-06-27 v0.33 Utility functions of pdfTeX for LuaTeX (HO
)

(/usr/share/texlive/texmf-dist/tex/generic/infwarerr/infwarerr.sty
Package: infwarerr 2019/12/03 v1.5 Providing info/warning/error messages (HO)
)
Package pdftexcmds Info: \pdf@primitive is available.
Package pdftexcmds Info: \pdf@ifprimitive is available.
Package pdftexcmds Info: \pdfdraftmode found.
))
(/usr/share/texlive/texmf-dist/tex/latex/hycolor/hycolor.sty
Package: hycolor 2020-01-27 v1.10 Color options for hyperref/bookmark (HO)
)
(/usr/share/texlive/texmf-dist/tex/latex/auxhook/auxhook.sty
Package: auxhook 2019-12-17 v1.6 Hooks for auxiliary files (HO)
)
(/usr/share/texlive/texmf-dist/tex/latex/hyperref/nameref.sty
Package: nameref 2023-11-26 v2.56 Cross-referencing by name of section

(/usr/share/texlive/texmf-dist/tex/latex/refcount/refcount.sty
Package: refcount 2019/12/15 v3.6 Data extraction from label references (HO)
)
(/usr/share/texlive/texmf-dist/tex/generic/gettitlestring/gettitlestring.sty
Package: gettitlestring 2019/12/15 v1.6 Cleanup title references (HO)

(/usr/share/texlive/texmf-dist/tex/latex/kvoptions/kvoptions.sty
Package: kvoptions 2022-06-15 v3.15 Key value format for package options (HO)
))
\c@section@level=\count295
)
(/usr/share/texlive/texmf-dist/tex/latex/etoolbox/etoolbox.sty
Package: etoolbox 2020/10/05 v2.5k e-TeX tools for LaTeX (JAW)
\etb@tempcnta=\count296
)
\@linkdim=\dimen265
\Hy@linkcounter=\count297
\Hy@pagecounter=\count298

(/usr/share/texlive/texmf-dist/tex/latex/hyperref/pd1enc.def
File: pd1enc.def 2024-01-20 v7.01h Hyperref: PDFDocEncoding definition (HO)
Now handling font encoding PD1 ...
... no UTF-8 mapping file for font encoding PD1
)
(/usr/share/texlive/texmf-dist/tex/generic/intcalc/intcalc.sty
Package: intcalc 2019/12/15 v1.3 Expandable calculations with integers (HO)
)
\Hy@SavedSpaceFactor=\count299

(/usr/share/texlive/texmf-dist/tex/latex/hyperref/puenc.def
File: puenc.def 2024-01-20 v7.01h Hyperref: PDF Unicode definition (HO)
Now handling font encoding PU ...
... no UTF-8 mapping file for font encoding PU
)
Package hyperref Info: Hyper figures OFF on input line 4179.
Package hyperref Info: Link nesting OFF on input line 4184.
Package hyperref Info: Hyper index ON on input line 4187.
Package hyperref Info: Plain pages OFF on input line 4194.
Package hyperref Info: Backreferencing OFF on input line 4199.
Package hyperref Info: Implicit mode ON; LaTeX internals redefined.
Package hyperref Info: Bookmarks ON on input line 4446.
\c@Hy@tempcnt=\count300

(/usr/share/texlive/texmf-dist/tex/latex/url/url.sty
\Urlmuskip=\muskip17
Package: url 2013/09/16  ver 3.4  Verb mode for urls, etc.
)
LaTeX Info: Redefining \url on input line 4784.
\XeTeXLinkMargin=\dimen266

(/usr/share/texlive/texmf-dist/tex/generic/bitset/bitset.sty
Package: bitset 2019/12/09 v1.3 Handle bit-vector datatype (HO)

(/usr/share/texlive/texmf-dist/tex/generic/bigintcalc/bigintcalc.sty
Package: bigintcalc 2019/12/15 v1.5 Expandable calculations on big integers (HO
)
))
\Fld@menulength=\count301
\Field@Width=\dimen267
\Fld@charsize=\dimen268
Package hyperref Info: Hyper figures OFF on input line 6063.
Package hyperref Info: Link nesting OFF on input line 6068.
Package hyperref Info: Hyper index ON on input line 6071.
Package hyperref Info: backreferencing OFF on input line 6078.
Package hyperref Info: Link coloring OFF on input line 6083.
Package hyperref Info: Link coloring with OCG OFF on input line 6088.
Package hyperref Info: PDF/A mode OFF on input line 6093.

(/usr/share/texlive/texmf-dist/tex/latex/base/atbegshi-ltx.sty
Package: atbegshi-ltx 2021/01/10 v1.0c Emulation of the original atbegshi
package with kernel methods
)
\Hy@abspage=\count302
\c@Item=\count303
\c@Hfootnote=\count304
)
Package hyperref Info: Driver (autodetected): hpdftex.

(/usr/share/texlive/texmf-dist/tex/latex/hyperref/hpdftex.def
File: hpdftex.def 2024-01-20 v7.01h Hyperref driver for pdfTeX

(/usr/share/texlive/texmf-dist/tex/latex/base/atveryend-ltx.sty
Package: atveryend-ltx 2020/08/19 v1.0a Emulation of the original atveryend pac
kage
with kernel methods
)
\Fld@listcount=\count305
\c@bookmark@seq@number=\count306

(/usr/share/texlive/texmf-dist/tex/latex/rerunfilecheck/rerunfilecheck.sty
Package: rerunfilecheck 2022-07-10 v1.10 Rerun checks for auxiliary files (HO)

(/usr/share/texlive/texmf-dist/tex/generic/uniquecounter/uniquecounter.sty
Package: uniquecounter 2019/12/15 v1.4 Provide unlimited unique counter (HO)
)
Package uniquecounter Info: New unique counter `rerunfilecheck' on input line 2
85.
)
\Hy@SectionHShift=\skip73
)
(/usr/share/texlive/texmf-dist/tex/latex/csquotes/csquotes.sty
Package: csquotes 2022-09-14 v5.2n context-sensitive quotations (JAW)
\csq@reset=\count307
\csq@gtype=\count308
\csq@glevel=\count309
\csq@qlevel=\count310
\csq@maxlvl=\count311
\csq@tshold=\count312
\csq@ltx@everypar=\toks38

(/usr/share/texlive/texmf-dist/tex/latex/csquotes/csquotes.def
File: csquotes.def 2022-09-14 v5.2n csquotes generic definitions (JAW)
)
Package csquotes Info: Trying to load configuration file 'csquotes.cfg'...
Package csquotes Info: ... configuration file loaded successfully.

(/usr/share/texlive/texmf-dist/tex/latex/csquotes/csquotes.cfg
File: csquotes.cfg 
))
(/usr/share/texlive/texmf-dist/tex/latex/biblatex/biblatex.sty
Package: biblatex 2023/03/05 v3.19 programmable bibliographies (PK/MW)

(/usr/share/texlive/texmf-dist/tex/latex/logreq/logreq.sty
Package: logreq 2010/08/04 v1.0 xml request logger
\lrq@indent=\count313

(/usr/share/texlive/texmf-dist/tex/latex/logreq/logreq.def
File: logreq.def 2010/08/04 v1.0 logreq spec v1.0
))
(/usr/share/texlive/texmf-dist/tex/latex/base/ifthen.sty
Package: ifthen 2022/04/13 v1.1d Standard LaTeX ifthen package (DPC)
)
\c@tabx@nest=\count314
\c@listtotal=\count315
\c@listcount=\count316
\c@liststart=\count317
\c@liststop=\count318
\c@citecount=\count319
\c@citetotal=\count320
\c@multicitecount=\count321
\c@multicitetotal=\count322
\c@instcount=\count323
\c@maxnames=\count324
\c@minnames=\count325
\c@maxitems=\count326
\c@minitems=\count327
\c@citecounter=\count328
\c@maxcitecounter=\count329
\c@savedcitecounter=\count330
\c@uniquelist=\count331
\c@uniquename=\count332
\c@refsection=\count333
\c@refsegment=\count334
\c@maxextratitle=\count335
\c@maxextratitleyear=\count336
\c@maxextraname=\count337
\c@maxextradate=\count338
\c@maxextraalpha=\count339
\c@abbrvpenalty=\count340
\c@highnamepenalty=\count341
\c@lownamepenalty=\count342
\c@maxparens=\count343
\c@parenlevel=\count344
\blx@tempcnta=\count345
\blx@tempcntb=\count346
\blx@tempcntc=\count347
\c@blx@maxsection=\count348
\blx@maxsegment@0=\count349
\blx@notetype=\count350
\blx@parenlevel@text=\count351
\blx@parenlevel@foot=\count352
\blx@sectionciteorder@0=\count353
\blx@sectionciteorderinternal@0=\count354
\blx@entrysetcounter=\count355
\blx@biblioinstance=\count356
\labelnumberwidth=\skip74
\labelalphawidth=\skip75
\biblabelsep=\skip76
\bibitemsep=\skip77
\bibnamesep=\skip78
\bibinitsep=\skip79
\bibparsep=\skip80
\bibhang=\skip81
\blx@bcfin=\read3
\blx@bcfout=\write3
\blx@langwohyphens=\language6
\c@mincomprange=\count357
\c@maxcomprange=\count358
\c@mincompwidth=\count359
Package biblatex Info: Trying to load biblatex default data model...
Package biblatex Info: ... file 'blx-dm.def' found.

(/usr/share/texlive/texmf-dist/tex/latex/biblatex/blx-dm.def
File: blx-dm.def 2023/03/05 v3.19 biblatex localization (PK/MW)
)
Package biblatex Info: Trying to load biblatex style data model...
Package biblatex Info: ... file 'authoryear.dbx' not found.
Package biblatex Info: Trying to load biblatex custom data model...
Package biblatex Info: ... file 'biblatex-dm.cfg' not found.
\c@afterword=\count360
\c@savedafterword=\count361
\c@annotator=\count362
\c@savedannotator=\count363
\c@author=\count364
\c@savedauthor=\count365
\c@bookauthor=\count366
\c@savedbookauthor=\count367
\c@commentator=\count368
\c@savedcommentator=\count369
\c@editor=\count370
\c@savededitor=\count371
\c@editora=\count372
\c@savededitora=\count373
\c@editorb=\count374
\c@savededitorb=\count375
\c@editorc=\count376
\c@savededitorc=\count377
\c@foreword=\count378
\c@savedforeword=\count379
\c@holder=\count380
\c@savedholder=\count381
\c@introduction=\count382
\c@savedintroduction=\count383
\c@namea=\count384
\c@savednamea=\count385
\c@nameb=\count386
\c@savednameb=\count387
\c@namec=\count388
\c@savednamec=\count389
\c@translator=\count390
\c@savedtranslator=\count391
\c@shortauthor=\count392
\c@savedshortauthor=\count393
\c@shorteditor=\count394
\c@savedshorteditor=\count395
\c@labelname=\count396
\c@savedlabelname=\count397
\c@institution=\count398
\c@savedinstitution=\count399
\c@lista=\count400
\c@savedlista=\count401
\c@listb=\count402
\c@savedlistb=\count403
\c@listc=\count404
\c@savedlistc=\count405
\c@listd=\count406
\c@savedlistd=\count407
\c@liste=\count408
\c@savedliste=\count409
\c@listf=\count410
\c@savedlistf=\count411
\c@location=\count412
\c@savedlocation=\count413
\c@organization=\count414
\c@savedorganization=\count415
\c@origlocation=\count416
\c@savedoriglocation=\count417
\c@origpublisher=\count418
\c@savedorigpublisher=\count419
\c@publisher=\count420
\c@savedpublisher=\count421
\c@language=\count422
\c@savedlanguage=\count423
\c@origlanguage=\count424
\c@savedoriglanguage=\count425
\c@pageref=\count426
\c@savedpageref=\count427
\shorthandwidth=\skip82
\shortjournalwidth=\skip83
\shortserieswidth=\skip84
\shorttitlewidth=\skip85
\shortauthorwidth=\skip86
\shorteditorwidth=\skip87
\locallabelnumberwidth=\skip88
\locallabelalphawidth=\skip89
\localshorthandwidth=\skip90
\localshortjournalwidth=\skip91
\localshortserieswidth=\skip92
\localshorttitlewidth=\skip93
\localshortauthorwidth=\skip94
\localshorteditorwidth=\skip95
Package biblatex Info: Trying to load compatibility code...
Package biblatex Info: ... file 'blx-compat.def' found.

(/usr/share/texlive/texmf-dist/tex/latex/biblatex/blx-compat.def
File: blx-compat.def 2023/03/05 v3.19 biblatex compatibility (PK/MW)
)
Package biblatex Info: Trying to load generic definitions...
Package biblatex Info: ... file 'biblatex.def' found.

(/usr/share/texlive/texmf-dist/tex/latex/biblatex/biblatex.def
File: biblatex.def 2023/03/05 v3.19 biblatex compatibility (PK/MW)
\c@textcitecount=\count428
\c@textcitetotal=\count429
\c@textcitemaxnames=\count430
\c@biburlbigbreakpenalty=\count431
\c@biburlbreakpenalty=\count432
\c@biburlnumpenalty=\count433
\c@biburlucpenalty=\count434
\c@biburllcpenalty=\count435
\biburlbigskip=\muskip18
\biburlnumskip=\muskip19
\biburlucskip=\muskip20
\biburllcskip=\muskip21
\c@smartand=\count436
)
Package biblatex Info: Trying to load bibliography style 'authoryear'...
Package biblatex Info: ... file 'authoryear.bbx' found.

(/usr/share/texlive/texmf-dist/tex/latex/biblatex/bbx/authoryear.bbx
File: authoryear.bbx 2023/03/05 v3.19 biblatex bibliography style (PK/MW)
Package biblatex Info: Trying to load bibliography style 'standard'...
Package biblatex Info: ... file 'standard.bbx' found.

(/usr/share/texlive/texmf-dist/tex/latex/biblatex/bbx/standard.bbx
File: standard.bbx 2023/03/05 v3.19 biblatex bibliography style (PK/MW)
\c@bbx:relatedcount=\count437
\c@bbx:relatedtotal=\count438
))
Package biblatex Info: Trying to load citation style 'authoryear'...
Package biblatex Info: ... file 'authoryear.cbx' found.

(/usr/share/texlive/texmf-dist/tex/latex/biblatex/cbx/authoryear.cbx
File: authoryear.cbx 2023/03/05 v3.19 biblatex citation style (PK/MW)
Package biblatex Info: Redefining '\cite'.
Package biblatex Info: Redefining '\parencite'.
Package biblatex Info: Redefining '\footcite'.
Package biblatex Info: Redefining '\footcitetext'.
Package biblatex Info: Redefining '\smartcite'.
Package biblatex Info: Redefining '\textcite'.
Package biblatex Info: Redefining '\textcites'.
)
Package biblatex Info: Trying to load configuration file...
Package biblatex Info: ... file 'biblatex.cfg' found.

(/usr/share/texlive/texmf-dist/tex/latex/biblatex/biblatex.cfg
File: biblatex.cfg 
)
Package biblatex Info: Input encoding 'utf8' detected.
Package biblatex Info: Document encoding is UTF8 ....

(/usr/share/texlive/texmf-dist/tex/latex/l3kernel/expl3.sty
Package: expl3 2024-01-22 L3 programming layer (loader) 

(/usr/share/texlive/texmf-dist/tex/latex/l3backend/l3backend-pdftex.def
File: l3backend-pdftex.def 2024-01-04 L3 backend support: PDF output (pdfTeX)
\l__color_backend_stack_int=\count439
\l__pdf_internal_box=\box62
))
Package biblatex Info: ... and expl3
(biblatex)             2024-01-22 L3 programming layer (loader) 
(biblatex)             is new enough (at least 2020/04/06),
(biblatex)             setting 'casechanger=expl3'.

(/usr/share/texlive/texmf-dist/tex/latex/biblatex/blx-case-expl3.sty
(/usr/share/texlive/texmf-dist/tex/latex/l3packages/xparse/xparse.sty
Package: xparse 2023-10-10 L3 Experimental document command parser
)
Package: blx-case-expl3 2023/03/05 v3.19 expl3 case changing code for biblatex
))
(/usr/share/texlive/texmf-dist/tex/latex/tocloft/tocloft.sty
Package: tocloft 2017/08/31 v2.3i parameterised ToC, etc., typesetting
Package tocloft Info: The document has chapter divisions on input line 51.
\cftparskip=\skip96
\cftbeforetoctitleskip=\skip97
\cftaftertoctitleskip=\skip98
\cftbeforepartskip=\skip99
\cftpartnumwidth=\skip100
\cftpartindent=\skip101
\cftbeforechapskip=\skip102
\cftchapindent=\skip103
\cftchapnumwidth=\skip104
\cftbeforesecskip=\skip105
\cftsecindent=\skip106
\cftsecnumwidth=\skip107
\cftbeforesubsecskip=\skip108
\cftsubsecindent=\skip109
\cftsubsecnumwidth=\skip110
\cftbeforesubsubsecskip=\skip111
\cftsubsubsecindent=\skip112
\cftsubsubsecnumwidth=\skip113
\cftbeforeparaskip=\skip114
\cftparaindent=\skip115
\cftparanumwidth=\skip116
\cftbeforesubparaskip=\skip117
\cftsubparaindent=\skip118
\cftsubparanumwidth=\skip119
\cftbeforeloftitleskip=\skip120
\cftafterloftitleskip=\skip121
\cftbeforefigskip=\skip122
\cftfigindent=\skip123
\cftfignumwidth=\skip124
\c@lofdepth=\count440
\c@lotdepth=\count441
\cftbeforelottitleskip=\skip125
\cftafterlottitleskip=\skip126
\cftbeforetabskip=\skip127
\cfttabindent=\skip128
\cfttabnumwidth=\skip129
)
(/usr/share/texlive/texmf-dist/tex/latex/titlesec/titlesec.sty
Package: titlesec 2023/10/27 v2.16 Sectioning titles
\ttl@box=\box63
\beforetitleunit=\skip130
\aftertitleunit=\skip131
\ttl@plus=\dimen269
\ttl@minus=\dimen270
\ttl@toksa=\toks39
\titlewidth=\dimen271
\titlewidthlast=\dimen272
\titlewidthfirst=\dimen273
)
Package csquotes Info: Checking for multilingual support...
Package csquotes Info: ... found 'babel' package.
Package csquotes Info: Adjusting default style.
Package csquotes Info: Redefining alias 'default' -> 'english'.
 (./main.aux

LaTeX Warning: Label `3 NGC205_velocity_hist' multiply defined.

)
\openout1 = `main.aux'.

LaTeX Font Info:    Checking defaults for OML/cmm/m/it on input line 203.
LaTeX Font Info:    ... okay on input line 203.
LaTeX Font Info:    Checking defaults for OMS/cmsy/m/n on input line 203.
LaTeX Font Info:    ... okay on input line 203.
LaTeX Font Info:    Checking defaults for OT1/cmr/m/n on input line 203.
LaTeX Font Info:    ... okay on input line 203.
LaTeX Font Info:    Checking defaults for T1/cmr/m/n on input line 203.
LaTeX Font Info:    ... okay on input line 203.
LaTeX Font Info:    Checking defaults for TS1/cmr/m/n on input line 203.
LaTeX Font Info:    ... okay on input line 203.
LaTeX Font Info:    Checking defaults for OMX/cmex/m/n on input line 203.
LaTeX Font Info:    ... okay on input line 203.
LaTeX Font Info:    Checking defaults for U/cmr/m/n on input line 203.
LaTeX Font Info:    ... okay on input line 203.
LaTeX Font Info:    Checking defaults for PD1/pdf/m/n on input line 203.
LaTeX Font Info:    ... okay on input line 203.
LaTeX Font Info:    Checking defaults for PU/pdf/m/n on input line 203.
LaTeX Font Info:    ... okay on input line 203.

*geometry* driver: auto-detecting
*geometry* detected driver: pdftex
*geometry* verbose mode - [ preamble ] result:
* driver: pdftex
* paper: a4paper
* layout: <same size as paper>
* layoutoffset:(h,v)=(0.0pt,0.0pt)
* modes: twoside 
* h-part:(L,W,R)=(56.9055pt, 483.69687pt, 56.9055pt)
* v-part:(T,H,B)=(56.9055pt, 731.23584pt, 56.9055pt)
* \paperwidth=597.50787pt
* \paperheight=845.04684pt
* \textwidth=483.69687pt
* \textheight=731.23584pt
* \oddsidemargin=-15.36449pt
* \evensidemargin=-15.36449pt
* \topmargin=-47.23828pt
* \headheight=15.0pt
* \headsep=19.8738pt
* \topskip=12.0pt
* \footskip=30.0pt
* \marginparwidth=98.0pt
* \marginparsep=7.0pt
* \columnsep=10.0pt
* \skip\footins=10.8pt plus 4.0pt minus 2.0pt
* \hoffset=0.0pt
* \voffset=0.0pt
* \mag=1000
* \@twocolumnfalse
* \@twosidetrue
* \@mparswitchtrue
* \@reversemarginfalse
* (1in=72.27pt=25.4mm, 1cm=28.453pt)

(/usr/share/texlive/texmf-dist/tex/context/base/mkii/supp-pdf.mkii
[Loading MPS to PDF converter (version 2006.09.02).]
\scratchcounter=\count442
\scratchdimen=\dimen274
\scratchbox=\box64
\nofMPsegments=\count443
\nofMParguments=\count444
\everyMPshowfont=\toks40
\MPscratchCnt=\count445
\MPscratchDim=\dimen275
\MPnumerator=\count446
\makeMPintoPDFobject=\count447
\everyMPtoPDFconversion=\toks41
) (/usr/share/texlive/texmf-dist/tex/latex/epstopdf-pkg/epstopdf-base.sty
Package: epstopdf-base 2020-01-24 v2.11 Base part for package epstopdf
Package epstopdf-base Info: Redefining graphics rule for `.eps' on input line 4
85.

(/usr/share/texlive/texmf-dist/tex/latex/latexconfig/epstopdf-sys.cfg
File: epstopdf-sys.cfg 2010/07/13 v1.3 Configuration of (r)epstopdf for TeX Liv
e
))
Package caption Info: Begin \AtBeginDocument code.
Package caption Info: hyperref package is loaded.
Package caption Info: End \AtBeginDocument code.
Package hyperref Info: Link coloring OFF on input line 203.

(./main.out) (./main.out)
\@outlinefile=\write4
\openout4 = `main.out'.

Package biblatex Info: Trying to load language 'english'...
Package biblatex Info: ... file 'english.lbx' found.

(/usr/share/texlive/texmf-dist/tex/latex/biblatex/lbx/english.lbx
File: english.lbx 2023/03/05 v3.19 biblatex localization (PK/MW)
)
Package biblatex Info: Input encoding 'utf8' detected.
Package biblatex Info: Automatic encoding selection.
(biblatex)             Assuming data encoding 'utf8'.
\openout3 = `main.bcf'.

Package biblatex Info: Trying to load bibliographic data...
Package biblatex Info: ... file 'main.bbl' found.
 (./main.bbl)
Package biblatex Info: Reference section=0 on input line 203.
Package biblatex Info: Reference segment=0 on input line 203.
LaTeX Font Info:    Trying to load font information for U+msa on input line 215
.
(/usr/share/texlive/texmf-dist/tex/latex/amsfonts/umsa.fd
File: umsa.fd 2013/01/14 v3.01 AMS symbols A
)
LaTeX Font Info:    Trying to load font information for U+msb on input line 215
.

(/usr/share/texlive/texmf-dist/tex/latex/amsfonts/umsb.fd
File: umsb.fd 2013/01/14 v3.01 AMS symbols B
) [1

{/var/lib/texmf/fonts/map/pdftex/updmap/pdftex.map}] (./main.toc)
\tf@toc=\write5
\openout5 = `main.toc'.

 [2

] [3

]
<Thesis_images/IMBH_Review_Formation.png, id=178, 768.8725pt x 602.25pt>
File: Thesis_images/IMBH_Review_Formation.png Graphic file (type png)
<use Thesis_images/IMBH_Review_Formation.png>
Package pdftex.def Info: Thesis_images/IMBH_Review_Formation.png  used on input
 line 252.
(pdftex.def)             Requested size: 241.84843pt x 189.43405pt.
<Thesis_images/Maiolino.png, id=202, 1716.4125pt x 526.96875pt>
File: Thesis_images/Maiolino.png Graphic file (type png)
<use Thesis_images/Maiolino.png>
Package pdftex.def Info: Thesis_images/Maiolino.png  used on input line 259.
(pdftex.def)             Requested size: 386.95897pt x 118.79604pt.
 [4 <./Thesis_images/IMBH_Review_Formation.png>]
<Thesis_images/Eros.png, id=226, 800.9925pt x 734.745pt>
File: Thesis_images/Eros.png Graphic file (type png)
<use Thesis_images/Eros.png>
Package pdftex.def Info: Thesis_images/Eros.png  used on input line 266.
(pdftex.def)             Requested size: 241.84843pt x 221.83781pt.
 [5 <./Thesis_images/Maiolino.png>] [6 <./Thesis_images/Eros.png>]
Chapter 1.
[7

] [8]
<Thesis_images/Nipoti_Londrillo_2007.png, id=304, 801.99625pt x 779.91376pt>
File: Thesis_images/Nipoti_Londrillo_2007.png Graphic file (type png)
<use Thesis_images/Nipoti_Londrillo_2007.png>
Package pdftex.def Info: Thesis_images/Nipoti_Londrillo_2007.png  used on input
 line 368.
(pdftex.def)             Requested size: 338.58632pt x 329.26332pt.
 [9] [10 <./Thesis_images/Nipoti_Londrillo_2007.png>]
Overfull \hbox (2.76476pt too wide) in paragraph at lines 442--444
\T1/cmr/m/n/12 Thus, the vi-o-lent re-lax-ation timescale is di-rectly re-lated
 to the char-ac-ter-is-tic dy-nam-i-cal timescale
 []

[11] [12] [13] [14] [15] [16] [17] [18] [19]
<Thesis_images/Loss_cone.png, id=534, 320.48303pt x 399.6359pt>
File: Thesis_images/Loss_cone.png Graphic file (type png)
<use Thesis_images/Loss_cone.png>
Package pdftex.def Info: Thesis_images/Loss_cone.png  used on input line 753.
(pdftex.def)             Requested size: 241.84843pt x 301.59215pt.
 [20] [21 <./Thesis_images/Loss_cone.png>] [22] [23] [24] [25]
Overfull \hbox (11.55556pt too wide) in paragraph at lines 990--990
|[]\T1/cmr/bx/n/14.4 Gravitational Waves from Black Hole Bi-na-ries and Back-Re
action| 
 []

[26] [27] [28] [29] [30]
Chapter 2.
[31

] [32] [33] [34]
<Thesis_images/H_1.png, id=822, 235.30768pt x 364.79143pt>
File: Thesis_images/H_1.png Graphic file (type png)
<use Thesis_images/H_1.png>
Package pdftex.def Info: Thesis_images/H_1.png  used on input line 1331.
(pdftex.def)             Requested size: 110.12067pt x 170.71652pt.
<Thesis_images/H_Sesana2006.png, id=827, 338.55054pt x 318.33214pt>
File: Thesis_images/H_Sesana2006.png Graphic file (type png)
<use Thesis_images/H_Sesana2006.png>
Package pdftex.def Info: Thesis_images/H_Sesana2006.png  used on input line 133
9.
(pdftex.def)             Requested size: 181.55927pt x 170.71652pt.
 [35] [36 <./Thesis_images/H_1.png> <./Thesis_images/H_Sesana2006.png>] [37] [3
8]
<Thesis_images/Cusps_density.png, id=909, 418.4433pt x 313.17pt>
File: Thesis_images/Cusps_density.png Graphic file (type png)
<use Thesis_images/Cusps_density.png>
Package pdftex.def Info: Thesis_images/Cusps_density.png  used on input line 14
69.
(pdftex.def)             Requested size: 241.84843pt x 181.00316pt.
 [39]
<Thesis_images/Cusps_H.png, id=921, 411.2163pt x 309.3156pt>
File: Thesis_images/Cusps_H.png Graphic file (type png)
<use Thesis_images/Cusps_H.png>
Package pdftex.def Info: Thesis_images/Cusps_H.png  used on input line 1477.
(pdftex.def)             Requested size: 241.84843pt x 181.9188pt.
<Thesis_images/A_K_vs_e.png, id=928, 433.62pt x 325.215pt>
File: Thesis_images/A_K_vs_e.png Graphic file (type png)
<use Thesis_images/A_K_vs_e.png>
Package pdftex.def Info: Thesis_images/A_K_vs_e.png  used on input line 1487.
(pdftex.def)             Requested size: 232.17242pt x 174.12973pt.
<Thesis_images/a0_K_vs_e.png, id=931, 433.62pt x 325.215pt>
File: Thesis_images/a0_K_vs_e.png Graphic file (type png)
<use Thesis_images/a0_K_vs_e.png>
Package pdftex.def Info: Thesis_images/a0_K_vs_e.png  used on input line 1495.
(pdftex.def)             Requested size: 232.17242pt x 174.12973pt.

Underfull \hbox (badness 1436) in paragraph at lines 1496--1496
[]\T1/cmr/m/n/10.95 (b) |Ec-cen-tric-ity growth rate pa-ram-e-ter $\OML/cmm/m/i
t/10.95 a[]$
 []

<Thesis_images/gamma_K_vs_e.png, id=934, 433.62pt x 325.215pt>
File: Thesis_images/gamma_K_vs_e.png Graphic file (type png)
<use Thesis_images/gamma_K_vs_e.png>
Package pdftex.def Info: Thesis_images/gamma_K_vs_e.png  used on input line 150
4.
(pdftex.def)             Requested size: 232.17242pt x 174.12973pt.
<Thesis_images/B_K_vs_e.png, id=937, 433.62pt x 325.215pt>
File: Thesis_images/B_K_vs_e.png Graphic file (type png)
<use Thesis_images/B_K_vs_e.png>
Package pdftex.def Info: Thesis_images/B_K_vs_e.png  used on input line 1511.
(pdftex.def)             Requested size: 232.17242pt x 174.12973pt.
[40 <./Thesis_images/Cusps_density.png> <./Thesis_images/Cusps_H.png>]
<Thesis_images/Cusps_K_vs_a.png, id=951, 433.62pt x 325.215pt>
File: Thesis_images/Cusps_K_vs_a.png Graphic file (type png)
<use Thesis_images/Cusps_K_vs_a.png>
Package pdftex.def Info: Thesis_images/Cusps_K_vs_a.png  used on input line 152
5.
(pdftex.def)             Requested size: 237.01411pt x 177.76219pt.

Underfull \hbox (badness 10000) in paragraph at lines 1527--1527
[]\T1/cmr/m/n/10.95 (a) |Di-men-sion-less ec-cen-tric-ity growth rate
 []


Underfull \hbox (badness 2310) in paragraph at lines 1527--1527
\T1/cmr/m/n/10.95 cor-re-spond-ing hard-en-ing radii $\OML/cmm/m/it/10.95 a[]$ 
\T1/cmr/m/n/10.95 marked by
 []

<Thesis_images/Cusps_K_vs_e.png, id=952, 433.62pt x 325.215pt>
File: Thesis_images/Cusps_K_vs_e.png Graphic file (type png)
<use Thesis_images/Cusps_K_vs_e.png>
Package pdftex.def Info: Thesis_images/Cusps_K_vs_e.png  used on input line 153
3.
(pdftex.def)             Requested size: 237.01411pt x 177.76219pt.

Underfull \hbox (badness 10000) in paragraph at lines 1534--1534
[]\T1/cmr/m/n/10.95 (b) |Di-men-sion-less ec-cen-tric-ity growth rate
 []


Underfull \hbox (badness 10000) in paragraph at lines 1534--1534
\OML/cmm/m/it/10.95 K[]\OT1/cmr/m/n/10.95 (\OML/cmm/m/it/10.95 a; e\OT1/cmr/m/n
/10.95 )$\T1/cmr/m/n/10.95 , at fixed bi-nary semi-ma-jor axis
 []


Underfull \hbox (badness 2326) in paragraph at lines 1534--1534
\T1/cmr/m/n/10.95 tric-ity for three dif-fer-ent stel-lar cusp slopes
 []

[41 <./Thesis_images/A_K_vs_e.png> <./Thesis_images/a0_K_vs_e.png> <./Thesis_im
ages/gamma_K_vs_e.png> <./Thesis_images/B_K_vs_e.png>]
<Thesis_images/Cusps_a_vs_t_log.png, id=965, 433.62pt x 325.215pt>
File: Thesis_images/Cusps_a_vs_t_log.png Graphic file (type png)
<use Thesis_images/Cusps_a_vs_t_log.png>
Package pdftex.def Info: Thesis_images/Cusps_a_vs_t_log.png  used on input line
 1553.
(pdftex.def)             Requested size: 237.01411pt x 177.76219pt.
<Thesis_images/Cusps_e_vs_t_log.png, id=966, 433.62pt x 325.215pt>
File: Thesis_images/Cusps_e_vs_t_log.png Graphic file (type png)
<use Thesis_images/Cusps_e_vs_t_log.png>
Package pdftex.def Info: Thesis_images/Cusps_e_vs_t_log.png  used on input line
 1561.
(pdftex.def)             Requested size: 237.01411pt x 177.76219pt.
 [42 <./Thesis_images/Cusps_K_vs_a.png> <./Thesis_images/Cusps_K_vs_e.png>] [43
 <./Thesis_images/Cusps_a_vs_t_log.png> <./Thesis_images/Cusps_e_vs_t_log.png>]
 [44]
<Thesis_images/NGC205_density_profile.png, id=1025, 433.62pt x 325.215pt>
File: Thesis_images/NGC205_density_profile.png Graphic file (type png)
<use Thesis_images/NGC205_density_profile.png>
Package pdftex.def Info: Thesis_images/NGC205_density_profile.png  used on inpu
t line 1664.
(pdftex.def)             Requested size: 237.01411pt x 177.76219pt.
<Thesis_images/NGC205_mass_profile.png, id=1026, 433.62pt x 325.215pt>
File: Thesis_images/NGC205_mass_profile.png Graphic file (type png)
<use Thesis_images/NGC205_mass_profile.png>
Package pdftex.def Info: Thesis_images/NGC205_mass_profile.png  used on input l
ine 1671.
(pdftex.def)             Requested size: 237.01411pt x 177.76219pt.
 [45]
<Thesis_images/NGC205_sigma_profile.png, id=1047, 433.62pt x 325.215pt>
File: Thesis_images/NGC205_sigma_profile.png Graphic file (type png)
<use Thesis_images/NGC205_sigma_profile.png>
Package pdftex.def Info: Thesis_images/NGC205_sigma_profile.png  used on input 
line 1702.
(pdftex.def)             Requested size: 241.84843pt x 181.38968pt.
 [46 <./Thesis_images/NGC205_density_profile.png> <./Thesis_images/NGC205_mass_
profile.png>]
<Thesis_images/NGC205_a_vs_t_log_e_sampling.png, id=1063, 433.62pt x 325.215pt>

File: Thesis_images/NGC205_a_vs_t_log_e_sampling.png Graphic file (type png)
<use Thesis_images/NGC205_a_vs_t_log_e_sampling.png>
Package pdftex.def Info: Thesis_images/NGC205_a_vs_t_log_e_sampling.png  used o
n input line 1726.
(pdftex.def)             Requested size: 237.01411pt x 177.76219pt.

Underfull \hbox (badness 10000) in paragraph at lines 1728--1728
[]\T1/cmr/m/n/10.95 (a) |Bi-nary semi-ma-jor axis time evo-lu-
 []


Underfull \hbox (badness 10000) in paragraph at lines 1728--1728
\T1/cmr/m/n/10.95 tion for five dif-fer-ent ini-tial ec-cen-tric-i-ties
 []


Underfull \hbox (badness 1275) in paragraph at lines 1728--1728
\OML/cmm/m/it/10.95 e[] \OT1/cmr/m/n/10.95 = (0\OML/cmm/m/it/10.95 :\OT1/cmr/m/
n/10.95 01\OML/cmm/m/it/10.95 ; \OT1/cmr/m/n/10.95 0\OML/cmm/m/it/10.95 :\OT1/c
mr/m/n/10.95 25\OML/cmm/m/it/10.95 ; \OT1/cmr/m/n/10.95 0\OML/cmm/m/it/10.95 :\
OT1/cmr/m/n/10.95 5\OML/cmm/m/it/10.95 ; \OT1/cmr/m/n/10.95 0\OML/cmm/m/it/10.9
5 :\OT1/cmr/m/n/10.95 75\OML/cmm/m/it/10.95 ; \OT1/cmr/m/n/10.95 0\OML/cmm/m/it
/10.95 :\OT1/cmr/m/n/10.95 99)$ \T1/cmr/m/n/10.95 (blue, or-ange,
 []


Underfull \hbox (badness 2326) in paragraph at lines 1728--1728
\T1/cmr/m/n/10.95 tively). Black hor-i-zon-tal lines in-di-cate the
 []

<Thesis_images/NGC205_e_vs_t_log_e_sampling.png, id=1064, 433.62pt x 325.215pt>

File: Thesis_images/NGC205_e_vs_t_log_e_sampling.png Graphic file (type png)
<use Thesis_images/NGC205_e_vs_t_log_e_sampling.png>
Package pdftex.def Info: Thesis_images/NGC205_e_vs_t_log_e_sampling.png  used o
n input line 1734.
(pdftex.def)             Requested size: 237.01411pt x 177.76219pt.

Underfull \hbox (badness 10000) in paragraph at lines 1735--1735
[]\T1/cmr/m/n/10.95 (b) |Bi-nary ec-cen-tric-ity time evo-lu-tion
 []


Underfull \hbox (badness 10000) in paragraph at lines 1735--1735
\T1/cmr/m/n/10.95 for five, dif-fer-ent ini-tial ec-cen-tric-i-ties,
 []


Underfull \hbox (badness 1275) in paragraph at lines 1735--1735
\OML/cmm/m/it/10.95 e[] \OT1/cmr/m/n/10.95 = (0\OML/cmm/m/it/10.95 :\OT1/cmr/m/
n/10.95 01\OML/cmm/m/it/10.95 ; \OT1/cmr/m/n/10.95 0\OML/cmm/m/it/10.95 :\OT1/c
mr/m/n/10.95 25\OML/cmm/m/it/10.95 ; \OT1/cmr/m/n/10.95 0\OML/cmm/m/it/10.95 :\
OT1/cmr/m/n/10.95 5\OML/cmm/m/it/10.95 ; \OT1/cmr/m/n/10.95 0\OML/cmm/m/it/10.9
5 :\OT1/cmr/m/n/10.95 75\OML/cmm/m/it/10.95 ; \OT1/cmr/m/n/10.95 0\OML/cmm/m/it
/10.95 :\OT1/cmr/m/n/10.95 99)$ \T1/cmr/m/n/10.95 (blue, or-ange,
 []


Underfull \hbox (badness 1990) in paragraph at lines 1735--1735
\T1/cmr/m/n/10.95 green, red, and vi-o-let, blue solid lines, re-
 []


Underfull \hbox (badness 2334) in paragraph at lines 1735--1735
\T1/cmr/m/n/10.95 spec-tively). Hor-i-zon-tal dashed lines of the
 []

[47 <./Thesis_images/NGC205_sigma_profile.png>]
Overfull \hbox (1.40335pt too wide) in paragraph at lines 1742--1743
\T1/cmr/m/n/12 Specifically, it is found $\OML/cmm/m/it/12 ^^\[] \OT1/cmr/m/n/1
2 = (67\OML/cmm/m/it/12 :\OT1/cmr/m/n/12 0\OML/cmm/m/it/12 ; \OT1/cmr/m/n/12 57
\OML/cmm/m/it/12 :\OT1/cmr/m/n/12 1\OML/cmm/m/it/12 ; \OT1/cmr/m/n/12 27\OML/cm
m/m/it/12 :\OT1/cmr/m/n/12 5\OML/cmm/m/it/12 ; \OT1/cmr/m/n/12 11\OML/cmm/m/it/
12 :\OT1/cmr/m/n/12 1\OML/cmm/m/it/12 ; \OT1/cmr/m/n/12 2\OML/cmm/m/it/12 :\OT1
/cmr/m/n/12 4) \OML/cmm/m/it/12 Myr$ \T1/cmr/m/n/12 for $\OML/cmm/m/it/12 e \OT
1/cmr/m/n/12 = (0\OML/cmm/m/it/12 :\OT1/cmr/m/n/12 01\OML/cmm/m/it/12 ; \OT1/cm
r/m/n/12 0\OML/cmm/m/it/12 :\OT1/cmr/m/n/12 25\OML/cmm/m/it/12 ; \OT1/cmr/m/n/1
2 0\OML/cmm/m/it/12 :\OT1/cmr/m/n/12 50\OML/cmm/m/it/12 ; \OT1/cmr/m/n/12 0\OML
/cmm/m/it/12 :\OT1/cmr/m/n/12 75\OML/cmm/m/it/12 ; \OT1/cmr/m/n/12 0\OML/cmm/m/
it/12 :\OT1/cmr/m/n/12 99)$\T1/cmr/m/n/12 ,
 []

[48 <./Thesis_images/NGC205_a_vs_t_log_e_sampling.png> <./Thesis_images/NGC205_
e_vs_t_log_e_sampling.png>]
<Thesis_images/NGC205_Bulge_a_vs_t.png, id=1089, 433.62pt x 325.215pt>
File: Thesis_images/NGC205_Bulge_a_vs_t.png Graphic file (type png)
<use Thesis_images/NGC205_Bulge_a_vs_t.png>
Package pdftex.def Info: Thesis_images/NGC205_Bulge_a_vs_t.png  used on input l
ine 1783.
(pdftex.def)             Requested size: 237.01411pt x 177.76219pt.
<Thesis_images/NGC205_Bulge_e_vs_t.png, id=1090, 433.62pt x 325.215pt>
File: Thesis_images/NGC205_Bulge_e_vs_t.png Graphic file (type png)
<use Thesis_images/NGC205_Bulge_e_vs_t.png>
Package pdftex.def Info: Thesis_images/NGC205_Bulge_e_vs_t.png  used on input l
ine 1790.
(pdftex.def)             Requested size: 237.01411pt x 177.76219pt.
<Thesis_images/Bulges_vs_NSC_density_profile.png, id=1099, 418.4433pt x 312.929
1pt>
File: Thesis_images/Bulges_vs_NSC_density_profile.png Graphic file (type png)
<use Thesis_images/Bulges_vs_NSC_density_profile.png>
Package pdftex.def Info: Thesis_images/Bulges_vs_NSC_density_profile.png  used 
on input line 1806.
(pdftex.def)             Requested size: 241.84843pt x 180.86392pt.
 [49 <./Thesis_images/NGC205_Bulge_a_vs_t.png> <./Thesis_images/NGC205_Bulge_e_
vs_t.png>] [50 <./Thesis_images/Bulges_vs_NSC_density_profile.png>]
<Thesis_images/Galaxies_H_unbound.png, id=1124, 433.62pt x 325.215pt>
File: Thesis_images/Galaxies_H_unbound.png Graphic file (type png)
<use Thesis_images/Galaxies_H_unbound.png>
Package pdftex.def Info: Thesis_images/Galaxies_H_unbound.png  used on input li
ne 1861.
(pdftex.def)             Requested size: 154.78653pt x 116.0898pt.
<Thesis_images/Galaxies_K_vs_a.png, id=1125, 433.62pt x 325.215pt>
File: Thesis_images/Galaxies_K_vs_a.png Graphic file (type png)
<use Thesis_images/Galaxies_K_vs_a.png>
Package pdftex.def Info: Thesis_images/Galaxies_K_vs_a.png  used on input line 
1868.
(pdftex.def)             Requested size: 154.78653pt x 116.0898pt.

Underfull \hbox (badness 3884) in paragraph at lines 1869--1869
[]\T1/cmr/m/n/10.95 (b) |Di-men-sion-less ec-cen-tric-ity
 []

<Thesis_images/Galaxies_K_vs_e.png, id=1126, 433.62pt x 325.215pt>
File: Thesis_images/Galaxies_K_vs_e.png Graphic file (type png)
<use Thesis_images/Galaxies_K_vs_e.png>
Package pdftex.def Info: Thesis_images/Galaxies_K_vs_e.png  used on input line 
1875.
(pdftex.def)             Requested size: 154.78653pt x 116.0898pt.

Underfull \hbox (badness 5147) in paragraph at lines 1876--1876
[]\T1/cmr/m/n/10.95 (c) |Di-men-sion-less ec-cen-tric-ity
 []


Underfull \hbox (badness 1163) in paragraph at lines 1876--1876
\OML/cmm/m/it/10.95 z \OT1/cmr/m/n/10.95 = (0\OML/cmm/m/it/10.95 ; \OT1/cmr/m/n
/10.95 2\OML/cmm/m/it/10.95 ; \OT1/cmr/m/n/10.95 4\OML/cmm/m/it/10.95 ; \OT1/cm
r/m/n/10.95 6\OML/cmm/m/it/10.95 ; \OT1/cmr/m/n/10.95 8\OML/cmm/m/it/10.95 ; \O
T1/cmr/m/n/10.95 10\OML/cmm/m/it/10.95 ; \OT1/cmr/m/n/10.95 12)$ \T1/cmr/m/n/10
.95 (solid
 []

[51]
<Thesis_images/Galaxies_a_and_e_vs_t_z_e_sapling.png, id=1133, 1084.05pt x 1228
.59pt>
File: Thesis_images/Galaxies_a_and_e_vs_t_z_e_sapling.png Graphic file (type pn
g)
<use Thesis_images/Galaxies_a_and_e_vs_t_z_e_sapling.png>
Package pdftex.def Info: Thesis_images/Galaxies_a_and_e_vs_t_z_e_sapling.png  u
sed on input line 1886.
(pdftex.def)             Requested size: 338.58632pt x 383.72722pt.
 [52 <./Thesis_images/Galaxies_H_unbound.png> <./Thesis_images/Galaxies_K_vs_a.
png> <./Thesis_images/Galaxies_K_vs_e.png>]
Overfull \hbox (13.8571pt too wide) in paragraph at lines 1890--1891
\T1/cmr/m/n/12 In stan-dard $\OT1/cmr/m/n/12 ^^C$\T1/cmr/m/n/12 CDM cos-mol-ogy
, within which the Friedmann--Lemaître--Robertson--Walker (FLRW)
 []

[53 <./Thesis_images/Galaxies_a_and_e_vs_t_z_e_sapling.png>]
<Thesis_images/Galaxies_t_univ_coal.png, id=1154, 433.62pt x 325.215pt>
File: Thesis_images/Galaxies_t_univ_coal.png Graphic file (type png)
<use Thesis_images/Galaxies_t_univ_coal.png>
Package pdftex.def Info: Thesis_images/Galaxies_t_univ_coal.png  used on input 
line 1903.
(pdftex.def)             Requested size: 338.58632pt x 253.94952pt.
 [54 <./Thesis_images/Galaxies_t_univ_coal.png>] [55] [56]
Chapter 3.
[57

] [58] [59] [60]
LaTeX Font Info:    Trying to load font information for T1+cmtt on input line 2
275.
 (/usr/share/texlive/texmf-dist/tex/latex/base/t1cmtt.fd
File: t1cmtt.fd 2023/04/13 v2.5m Standard LaTeX font definitions
)
[61] [62]
<Thesis_images/NGC205_bulge_scatter_XY_XZ.png, id=1262, 300.1614pt x 382.3083pt
>
File: Thesis_images/NGC205_bulge_scatter_XY_XZ.png Graphic file (type png)
<use Thesis_images/NGC205_bulge_scatter_XY_XZ.png>
Package pdftex.def Info: Thesis_images/NGC205_bulge_scatter_XY_XZ.png  used on 
input line 2384.
(pdftex.def)             Requested size: 145.11053pt x 184.82428pt.
<Thesis_images/NGC205_NSC_scatter_XY_XZ.png, id=1263, 300.1614pt x 382.3083pt>
File: Thesis_images/NGC205_NSC_scatter_XY_XZ.png Graphic file (type png)
<use Thesis_images/NGC205_NSC_scatter_XY_XZ.png>
Package pdftex.def Info: Thesis_images/NGC205_NSC_scatter_XY_XZ.png  used on in
put line 2390.
(pdftex.def)             Requested size: 145.11053pt x 184.82428pt.
<Thesis_images/NGC205_halfmass.png, id=1264, 409.53pt x 327.8649pt>
File: Thesis_images/NGC205_halfmass.png Graphic file (type png)
<use Thesis_images/NGC205_halfmass.png>
Package pdftex.def Info: Thesis_images/NGC205_halfmass.png  used on input line 
2396.
(pdftex.def)             Requested size: 145.11053pt x 116.17522pt.


LaTeX Warning: `h' float specifier changed to `ht'.

<Thesis_images/NGC205_bulge_space_hist.png, id=1265, 431.6928pt x 327.8649pt>
File: Thesis_images/NGC205_bulge_space_hist.png Graphic file (type png)
<use Thesis_images/NGC205_bulge_space_hist.png>
Package pdftex.def Info: Thesis_images/NGC205_bulge_space_hist.png  used on inp
ut line 2414.
(pdftex.def)             Requested size: 145.11053pt x 110.20688pt.
<Thesis_images/NGC205_NSC_space_hist.png, id=1266, 431.6928pt x 327.8649pt>
File: Thesis_images/NGC205_NSC_space_hist.png Graphic file (type png)
<use Thesis_images/NGC205_NSC_space_hist.png>
Package pdftex.def Info: Thesis_images/NGC205_NSC_space_hist.png  used on input
 line 2420.
(pdftex.def)             Requested size: 145.11053pt x 110.20688pt.
<Thesis_images/NGC205_space_hist.png, id=1267, 431.6928pt x 327.8649pt>
File: Thesis_images/NGC205_space_hist.png Graphic file (type png)
<use Thesis_images/NGC205_space_hist.png>
Package pdftex.def Info: Thesis_images/NGC205_space_hist.png  used on input lin
e 2426.
(pdftex.def)             Requested size: 145.11053pt x 110.20688pt.

LaTeX Warning: `h' float specifier changed to `ht'.

<Thesis_images/NGC205_bulge_velocity_hist.png, id=1268, 425.4294pt x 327.1422pt
>
File: Thesis_images/NGC205_bulge_velocity_hist.png Graphic file (type png)
<use Thesis_images/NGC205_bulge_velocity_hist.png>
Package pdftex.def Info: Thesis_images/NGC205_bulge_velocity_hist.png  used on 
input line 2438.
(pdftex.def)             Requested size: 145.11053pt x 111.58627pt.
<Thesis_images/NGC205_NSC_velocity_hist.png, id=1269, 425.4294pt x 327.1422pt>
File: Thesis_images/NGC205_NSC_velocity_hist.png Graphic file (type png)
<use Thesis_images/NGC205_NSC_velocity_hist.png>
Package pdftex.def Info: Thesis_images/NGC205_NSC_velocity_hist.png  used on in
put line 2444.
(pdftex.def)             Requested size: 145.11053pt x 111.58627pt.
<Thesis_images/NGC205_velocity_hist.png, id=1270, 425.4294pt x 327.1422pt>
File: Thesis_images/NGC205_velocity_hist.png Graphic file (type png)
<use Thesis_images/NGC205_velocity_hist.png>
Package pdftex.def Info: Thesis_images/NGC205_velocity_hist.png  used on input 
line 2450.
(pdftex.def)             Requested size: 145.11053pt x 111.58627pt.

LaTeX Warning: `h' float specifier changed to `ht'.

<Thesis_images/NGC205_bulge_density_Nbody.png, id=1271, 413.3844pt x 327.1422pt
>
File: Thesis_images/NGC205_bulge_density_Nbody.png Graphic file (type png)
<use Thesis_images/NGC205_bulge_density_Nbody.png>
Package pdftex.def Info: Thesis_images/NGC205_bulge_density_Nbody.png  used on 
input line 2462.
(pdftex.def)             Requested size: 145.11053pt x 114.83592pt.
<Thesis_images/NGC205_NSC_density_Nbody.png, id=1272, 417.7206pt x 327.1422pt>
File: Thesis_images/NGC205_NSC_density_Nbody.png Graphic file (type png)
<use Thesis_images/NGC205_NSC_density_Nbody.png>
Package pdftex.def Info: Thesis_images/NGC205_NSC_density_Nbody.png  used on in
put line 2468.
(pdftex.def)             Requested size: 145.11053pt x 113.64288pt.
File: Thesis_images/NGC205_NSC_density_Nbody.png Graphic file (type png)
<use Thesis_images/NGC205_NSC_density_Nbody.png>
Package pdftex.def Info: Thesis_images/NGC205_NSC_density_Nbody.png  used on in
put line 2474.
(pdftex.def)             Requested size: 145.11053pt x 113.64288pt.

LaTeX Warning: `h' float specifier changed to `ht'.

<Thesis_images/NGC205_density_Nbody_vs_analytic.png, id=1273, 426.393pt x 327.8
649pt>
File: Thesis_images/NGC205_density_Nbody_vs_analytic.png Graphic file (type png
)
<use Thesis_images/NGC205_density_Nbody_vs_analytic.png>
Package pdftex.def Info: Thesis_images/NGC205_density_Nbody_vs_analytic.png  us
ed on input line 2487.
(pdftex.def)             Requested size: 217.66211pt x 167.36397pt.
<Thesis_images/NGC205_mass_Nbody_vs_analytic.png, id=1274, 411.2163pt x 327.142
2pt>
File: Thesis_images/NGC205_mass_Nbody_vs_analytic.png Graphic file (type png)
<use Thesis_images/NGC205_mass_Nbody_vs_analytic.png>
Package pdftex.def Info: Thesis_images/NGC205_mass_Nbody_vs_analytic.png  used 
on input line 2493.
(pdftex.def)             Requested size: 217.66211pt x 173.16489pt.

LaTeX Warning: `h' float specifier changed to `ht'.

File: Thesis_images/NGC205_halfmass.png Graphic file (type png)
<use Thesis_images/NGC205_halfmass.png>
Package pdftex.def Info: Thesis_images/NGC205_halfmass.png  used on input line 
2513.
(pdftex.def)             Requested size: 241.84843pt x 193.6237pt.
[63] [64 <./Thesis_images/NGC205_bulge_scatter_XY_XZ.png> <./Thesis_images/NGC2
05_NSC_scatter_XY_XZ.png> <./Thesis_images/NGC205_halfmass.png> <./Thesis_image
s/NGC205_bulge_space_hist.png> <./Thesis_images/NGC205_NSC_space_hist.png> <./T
hesis_images/NGC205_space_hist.png>] [65 <./Thesis_images/NGC205_bulge_velocity
_hist.png> <./Thesis_images/NGC205_NSC_velocity_hist.png> <./Thesis_images/NGC2
05_velocity_hist.png> <./Thesis_images/NGC205_bulge_density_Nbody.png> <./Thesi
s_images/NGC205_NSC_density_Nbody.png>] [66 <./Thesis_images/NGC205_density_Nbo
dy_vs_analytic.png> <./Thesis_images/NGC205_mass_Nbody_vs_analytic.png>]
[67

]
Overfull \hbox (31.19432pt too wide) in paragraph at lines 2547--2547
[][]\T1/cmr/m/n/12 Colpi, Mon-ica et al. (Feb. 2024). ^^P  LISA Def-i-ni-tion S
tudy Re-port^^Q. In: \T1/cmr/m/it/12 arXiv e-prints\T1/cmr/m/n/12 , arXiv:2402.
07571,
 []

[68]
Overfull \hbox (13.10652pt too wide) in paragraph at lines 2547--2547
[][]\T1/cmr/m/n/12 Khan, Fazeel Mah-mood, Fiza Javed, et al. (Nov. 2024). ^^P  
The Po-ten-tial for Long-lived Intermediate-
 []

[69]
Overfull \hbox (11.28075pt too wide) in paragraph at lines 2547--2547
[][]\T1/cmr/m/n/12 Ono, Yoshi-aki et al. (July 2023). ^^P  Mor-pholo-gies of Ga
lax-ies at z $\U/msa/m/n/12 &$ \T1/cmr/m/n/12 9 Un-cov-ered by JWST/NIRCam
 []

[70] [71] [72] (./main.aux)
 ***********
LaTeX2e <2023-11-01> patch level 1
L3 programming layer <2024-01-22>
 ***********


LaTeX Warning: There were multiply-defined labels.

Package rerunfilecheck Info: File `main.out' has not changed.
(rerunfilecheck)             Checksum: 2D9F111C4028F57BB17C958B54FFF15F;5996.
Package logreq Info: Writing requests to 'main.run.xml'.
\openout1 = `main.run.xml'.

 ) 
Here is how much of TeX's memory you used:
 25332 strings out of 476182
 451253 string characters out of 5795595
 1974975 words of memory out of 5000000
 46575 multiletter control sequences out of 15000+600000
 583351 words of font info for 100 fonts, out of 8000000 for 9000
 14 hyphenation exceptions out of 8191
 75i,20n,81p,4407b,1835s stack positions out of 10000i,1000n,20000p,200000b,200000s
 </home/davide/.texlive2023/texmf-var/fonts/pk/ljfour/jknappen/ec/eccc1200.60
0pk> </home/davide/.texlive2023/texmf-var/fonts/pk/ljfour/jknappen/ec/ecbi1200.
600pk> </home/davide/.texlive2023/texmf-var/fonts/pk/ljfour/jknappen/ec/ectt120
0.600pk> </home/davide/.texlive2023/texmf-var/fonts/pk/ljfour/jknappen/ec/tcrm1
200.600pk> </home/davide/.texlive2023/texmf-var/fonts/pk/ljfour/jknappen/ec/ecr
m1095.600pk> </home/davide/.texlive2023/texmf-var/fonts/pk/ljfour/jknappen/ec/e
crm1000.600pk> </home/davide/.texlive2023/texmf-var/fonts/pk/ljfour/jknappen/ec
/ecrm0700.600pk> </home/davide/.texlive2023/texmf-var/fonts/pk/ljfour/jknappen/
ec/ecrm0800.600pk> </home/davide/.texlive2023/texmf-var/fonts/pk/ljfour/jknappe
n/ec/ecbx1440.600pk> </home/davide/.texlive2023/texmf-var/fonts/pk/ljfour/jknap
pen/ec/ecti1200.600pk> </home/davide/.texlive2023/texmf-var/fonts/pk/ljfour/jkn
appen/ec/ecrm2488.600pk> </home/davide/.texlive2023/texmf-var/fonts/pk/ljfour/j
knappen/ec/eccc1728.600pk> </home/davide/.texlive2023/texmf-var/fonts/pk/ljfour
/jknappen/ec/ecbx1200.600pk> </home/davide/.texlive2023/texmf-var/fonts/pk/ljfo
ur/jknappen/ec/ecbx2488.600pk> </home/davide/.texlive2023/texmf-var/fonts/pk/lj
four/jknappen/ec/ecrm1200.600pk> </home/davide/.texlive2023/texmf-var/fonts/pk/
ljfour/jknappen/ec/ecbx1728.600pk></usr/share/texlive/texmf-dist/fonts/type1/pu
blic/amsfonts/cm/cmbx12.pfb></usr/share/texlive/texmf-dist/fonts/type1/public/a
msfonts/cm/cmbx8.pfb></usr/share/texlive/texmf-dist/fonts/type1/public/amsfonts
/cm/cmex10.pfb></usr/share/texlive/texmf-dist/fonts/type1/public/amsfonts/cm/cm
mi10.pfb></usr/share/texlive/texmf-dist/fonts/type1/public/amsfonts/cm/cmmi12.p
fb></usr/share/texlive/texmf-dist/fonts/type1/public/amsfonts/cm/cmmi6.pfb></us
r/share/texlive/texmf-dist/fonts/type1/public/amsfonts/cm/cmmi7.pfb></usr/share
/texlive/texmf-dist/fonts/type1/public/amsfonts/cm/cmmi8.pfb></usr/share/texliv
e/texmf-dist/fonts/type1/public/amsfonts/cm/cmmib10.pfb></usr/share/texlive/tex
mf-dist/fonts/type1/public/amsfonts/cm/cmr10.pfb></usr/share/texlive/texmf-dist
/fonts/type1/public/amsfonts/cm/cmr12.pfb></usr/share/texlive/texmf-dist/fonts/
type1/public/amsfonts/cm/cmr6.pfb></usr/share/texlive/texmf-dist/fonts/type1/pu
blic/amsfonts/cm/cmr8.pfb></usr/share/texlive/texmf-dist/fonts/type1/public/ams
fonts/cm/cmsy10.pfb></usr/share/texlive/texmf-dist/fonts/type1/public/amsfonts/
cm/cmsy6.pfb></usr/share/texlive/texmf-dist/fonts/type1/public/amsfonts/cm/cmsy
8.pfb></usr/share/texlive/texmf-dist/fonts/type1/public/amsfonts/symbols/msam10
.pfb></usr/share/texlive/texmf-dist/fonts/type1/public/amsfonts/symbols/msbm10.
pfb>
Output written on main.pdf (72 pages, 6920322 bytes).
PDF statistics:
 2280 PDF objects out of 2487 (max. 8388607)
 1498 compressed objects within 15 object streams
 444 named destinations out of 1000 (max. 500000)
 400 words of extra memory for PDF output out of 10000 (max. 10000000)

